{"ts":"2026-08-24T21:10:00","evt":"unlock","user":"admin","res":1,"detail":"密码开锁成功"}
{"ts":"2026-08-25T03:53:03","evt":"setting_change","user":"system","res":1,"detail":"bootstrap: default admin created"}
{"ts":"2026-08-25T08:12:05","evt":"user_add","user":"admin","res":1,"detail":"新增用户 guest"}
{"ts":"2026-08-25T10:40:11","evt":"unlock_fail","user":"guest","res":0,"detail":"PIN 验证失败，剩余 4 次尝试"}
{"ts":"2026-08-25T14:22:47","evt":"wifi_change","user":"admin","res":1,"detail":"已连接 HomeWiFi"}
{"ts":"2026-08-25T18:03:29","evt":"unlock","user":"admin","res":1,"detail":"指纹开锁成功"}
{"ts":"2026-08-25T10:03:22","evt":"setting_change","user":"admin","res":1,"detail":"admin verify ok"}
{"ts":"2026-08-25T10:03:42","evt":"setting_change","user":"admin","res":1,"detail":"admin verify ok"}
{"ts":"2026-08-25T10:03:46","evt":"setting_change","user":"admin","res":1,"detail":"月白"}
{"ts":"2026-08-25T10:03:48","evt":"setting_change","user":"admin","res":1,"detail":"松石青"}
{"ts":"2026-08-26T02:46:09","evt":"setting_change","user":"admin","res":1,"detail":"admin verify ok"}
{"ts":"2026-08-27T07:01:45","evt":"setting_change","user":"admin","res":1,"detail":"admin verify ok"}
{"ts":"2026-08-27T22:48:00","evt":"setting_change","user":"admin","res":1,"detail":"admin verify ok"}
{"ts":"2026-08-27T22:48:08","evt":"setting_change","user":"admin","res":1,"detail":"蓝白"}
{"ts":"2026-08-27T22:48:09","evt":"setting_change","user":"admin","res":1,"detail":"月白"}
{"ts":"2026-08-27T22:48:10","evt":"setting_change","user":"admin","res":1,"detail":"蓝白"}
{"ts":"2026-08-27T23:01:12","evt":"setting_change","user":"admin","res":1,"detail":"admin verify ok"}
{"ts":"2026-08-27T23:01:15","evt":"setting_change","user":"admin","res":1,"detail":"月白"}
{"ts":"2026-08-27T23:01:17","evt":"setting_change","user":"admin","res":1,"detail":"蓝白"}
{"ts":"2026-08-27T23:01:18","evt":"setting_change","user":"admin","res":1,"detail":"松石青"}
{"ts":"2026-08-27T23:01:19","evt":"setting_change","user":"admin","res":1,"detail":"蓝白"}
{"ts":"2026-08-27T23:02:40","evt":"setting_change","user":"admin","res":1,"detail":"admin verify ok"}
{"ts":"2026-08-27T23:03:50","evt":"setting_change","user":"admin","res":1,"detail":"admin verify ok"}
{"ts":"2026-08-27T23:15:30","evt":"setting_change","user":"admin","res":1,"detail":"admin verify ok"}
{"ts":"2026-08-27T23:17:20","evt":"setting_change","user":"admin","res":1,"detail":"admin verify ok"}
{"ts":"2026-08-27T23:17:26","evt":"setting_change","user":"admin","res":1,"detail":"月白"}
{"ts":"2026-08-27T23:17:28","evt":"setting_change","user":"admin","res":1,"detail":"蓝白"}
{"ts":"2026-08-27T23:18:59","evt":"setting_change","user":"admin","res":1,"detail":"admin verify ok"}
{"ts":"2026-08-27T23:19:18","evt":"user_add","user":"admin","res":1,"detail":"tyx"}
{"ts":"2026-08-28T03:09:34","evt":"setting_change","user":"admin","res":1,"detail":"admin verify ok"}
{"ts":"2026-08-28T03:11:19","evt":"setting_change","user":"admin","res":1,"detail":"admin verify ok"}
{"ts":"2026-08-28T03:11:25","evt":"setting_change","user":"admin","res":1,"detail":"蓝白"}
{"ts":"2026-08-28T03:27:13","evt":"setting_change","user":"admin","res":1,"detail":"admin verify ok"}
{"ts":"2026-08-28T03:27:23","evt":"setting_change","user":"admin","res":1,"detail":"admin verify ok"}
{"ts":"2026-08-28T03:28:43","evt":"setting_change","user":"admin","res":1,"detail":"月白"}
{"ts":"2026-08-28T03:28:43","evt":"setting_change","user":"admin","res":1,"detail":"蓝白"}
{"ts":"2026-08-28T03:29:09","evt":"setting_change","user":"admin","res":1,"detail":"石墨黑"}
{"ts":"2026-08-28T03:29:11","evt":"setting_change","user":"admin","res":1,"detail":"月白"}
{"ts":"2026-08-28T03:29:12","evt":"setting_change","user":"admin","res":1,"detail":"蓝白"}
{"ts":"2026-08-28T03:29:14","evt":"setting_change","user":"admin","res":1,"detail":"松石青"}
{"ts":"2026-08-28T03:29:16","evt":"setting_change","user":"admin","res":1,"detail":"蓝白"}
{"ts":"2026-08-28T03:43:15","evt":"setting_change","user":"admin","res":1,"detail":"admin verify ok"}
{"ts":"2026-08-28T03:43:25","evt":"setting_change","user":"admin","res":1,"detail":"admin verify ok"}
{"ts":"2026-08-28T03:44:11","evt":"setting_change","user":"admin","res":1,"detail":"admin verify ok"}
{"ts":"2026-08-28T03:44:13","evt":"setting_change","user":"admin","res":1,"detail":"蓝白"}
{"ts":"2026-08-28T03:44:38","evt":"setting_change","user":"admin","res":1,"detail":"admin verify ok"}
{"ts":"2026-08-28T03:57:32","evt":"setting_change","user":"admin","res":1,"detail":"admin verify ok"}
{"ts":"2026-08-28T03:59:39","evt":"setting_change","user":"admin","res":1,"detail":"admin verify ok"}
{"ts":"2026-08-28T03:59:40","evt":"setting_change","user":"admin","res":1,"detail":"蓝白"}
{"ts":"2026-08-28T04:20:49","evt":"setting_change","user":"admin","res":1,"detail":"admin verify ok"}
{"ts":"2026-08-28T04:20:50","evt":"setting_change","user":"admin","res":1,"detail":"蓝白"}
{"ts":"2026-08-28T04:20:51","evt":"setting_change","user":"admin","res":1,"detail":"月白"}
{"ts":"2026-08-28T04:23:44","evt":"unlock","user":"admin","res":1,"detail":"pin ok"}
{"ts":"2026-08-28T04:24:15","evt":"setting_change","user":"admin","res":1,"detail":"admin verify ok"}
{"ts":"2026-08-28T04:32:12","evt":"setting_change","user":"admin","res":1,"detail":"admin verify ok"}
{"ts":"2026-08-28T04:36:36","evt":"setting_change","user":"admin","res":1,"detail":"admin verify ok"}
{"ts":"2026-08-28T05:35:24","evt":"setting_change","user":"admin","res":1,"detail":"admin verify ok"}
{"ts":"2026-08-28T09:45:25","evt":"unlock","user":"tyx","res":1,"detail":"pin ok"}
{"ts":"2026-08-28T09:45:37","evt":"setting_change","user":"admin","res":1,"detail":"admin verify ok"}
{"ts":"2026-08-28T09:45:39","evt":"setting_change","user":"admin","res":1,"detail":"松石青"}
{"ts":"2026-08-28T09:45:46","evt":"setting_change","user":"admin","res":1,"detail":"admin verify ok"}
{"ts":"2026-08-28T09:47:08","evt":"setting_change","user":"admin","res":1,"detail":"admin verify ok"}
{"ts":"2026-08-28T09:47:10","evt":"setting_change","user":"admin","res":1,"detail":"月白"}
{"ts":"2026-08-28T09:47:29","evt":"setting_change","user":"admin","res":1,"detail":"admin verify ok"}
{"ts":"2026-08-28T09:47:38","evt":"setting_change","user":"admin","res":1,"detail":"admin verify ok"}
{"ts":"2026-08-28T10:07:04","evt":"setting_change","user":"admin","res":1,"detail":"admin verify ok"}
{"ts":"2026-08-28T11:00:18","evt":"setting_change","user":"admin","res":1,"detail":"admin verify ok"}
